npm notice run octopus@0.1.0 npx
npm notice run pnpm run build

> octopus@0.1.0 build G:\Hermes\octopus-src\web
> tsc --noEmit && vite build

[36mvite v8.2.1 [32mbuilding client environment for production...[36m[39m
[2Ktransforming...✓ 4033 modules transformed.
rendering chunks...
computing gzip size...
../static/out/index.html                            4.24 kB │ gzip:   1.46 kB
../static/out/assets/index-B3xxUbyy.css            95.13 kB │ gzip:  15.65 kB
../static/out/assets/chevron-down-CyU4be3g.js       0.11 kB │ gzip:   0.13 kB
../static/out/assets/pencil-CSx28iI0.js             0.26 kB │ gzip:   0.21 kB
../static/out/assets/loader-CaeI2c86.js             0.39 kB │ gzip:   0.23 kB
../static/out/assets/trending-up-D_HzM30z.js        0.51 kB │ gzip:   0.32 kB
../static/out/assets/utils-D_FzT-Gx.js              0.65 kB │ gzip:   0.39 kB
../static/out/assets/badge-DOawkQj5.js              1.15 kB │ gzip:   0.56 kB
../static/out/assets/group-2njf6vTP.js              1.43 kB │ gzip:   0.51 kB
../static/out/assets/model-DtmCtoCO.js              1.61 kB │ gzip:   0.56 kB
../static/out/assets/stats-CU84VP7P.js              2.45 kB │ gzip:   0.64 kB
../static/out/assets/channel-BPo-b3xA.js            2.71 kB │ gzip:   0.88 kB
../static/out/assets/log-17tcX-oC.js                3.28 kB │ gzip:   1.33 kB
../static/out/assets/morphing-dialog-D1UPCtqK.js    7.08 kB │ gzip:   2.95 kB
../static/out/assets/accordion-DJQNXI8p.js          8.06 kB │ gzip:   2.98 kB
../static/out/assets/PageActions-BMt140_T.js        8.75 kB │ gzip:   3.21 kB
../static/out/assets/react-redux-DVqcDx0O.js       11.37 kB │ gzip:   4.31 kB
../static/out/assets/model-BdWgs2RQ.js             19.94 kB │ gzip:   7.00 kB
../static/out/assets/popover-KvxpLWkv.js           22.48 kB │ gzip:   8.28 kB
../static/out/assets/VirtualizedGrid-nQjTwi3T.js   25.80 kB │ gzip:   8.05 kB
../static/out/assets/switch-DNNnqKXF.js            28.15 kB │ gzip:   9.17 kB
../static/out/assets/channel-Bs3RbgAZ.js           42.17 kB │ gzip:  11.72 kB
../static/out/assets/log-BApkn7dV.js               54.22 kB │ gzip:  13.73 kB
../static/out/assets/group-C8Z9Q2qQ.js            114.42 kB │ gzip:  35.07 kB
../static/out/assets/setting-PcL48rHk.js          147.56 kB │ gzip:  43.69 kB
../static/out/assets/model-icons-bNmyyEsX.js      157.51 kB │ gzip:  35.27 kB
../static/out/assets/dist-Bz42RWzU.js             185.67 kB │ gzip:  59.58 kB
../static/out/assets/home-B2qdrxtR.js             350.90 kB │ gzip: 105.29 kB
../static/out/assets/index-CsgE1xh4.js            451.36 kB │ gzip: 143.52 kB

[32m✓ built in 41.32s[39m
[33m[33m[PLUGIN_TIMINGS] [0mYour build spent 73% of 41.3s inside plugin hooks (30.0s).
Measured inside the callback, so queue time is excluded and time the callback itself awaited is not:
  - @rolldown/plugin-babel transform (57%, 23.6s, 82 calls)
  - vite:css transform (15%, 6.3s, 2 calls)
  - vite:build-html transform (8%, 3.2s, 1 call)
See https://rolldown.rs/reference/InputOptions.checks#plugintimings for more details.
[39m
